// Jest Snapshot v1, https://goo.gl/fbAQLP

exports[`Testing <Categories /> should render component 1`] = `<Loader />`;
