// Jest Snapshot v1, https://goo.gl/fbAQLP

exports[`Testing <Navbar /> should render component 1`] = `
<nav
  className="navbar navbar-expand-leg navbar-dark bg-primary"
>
  <div
    className="container"
  >
    <Link
      className="navbar-brand"
      to="/"
    >
      Recipes App
    </Link>
    <form
      className="form-inline my-2 my-lg-0"
      onSubmit={[Function]}
    >
      <input
        className="form-control mr-sm-2"
        onChange={[Function]}
        placeholder="Search by name"
        type="text"
        value=""
      />
      <button
        className="btn btn-secondary  my-sm-0"
        type="submit"
      >
        Search
      </button>
    </form>
  </div>
</nav>
`;
